============================================================
女士T恤 7-12月 需求趋势分析
============================================================

已加载 60 条 BSR 产品数据

[Step 1] 抓取各产品页面的月销量和BSR排名数据 ...
  [  1/60] B0BVFNPSGN … 月销量:   N/A  服装BSR:#N/A
  [  2/60] B0CYC5GDYP … 月销量:   N/A  服装BSR:#N/A
  [  3/60] B0G3WJZNZN … 月销量:   N/A  服装BSR:#N/A
  [  4/60] B0BPYCHYP9 … 月销量:   N/A  服装BSR:#N/A
  [  5/60] B0DJJMW21W … 月销量:   N/A  服装BSR:#N/A
  [  6/60] B07762TMMM … 月销量:   N/A  服装BSR:#N/A
  [  7/60] B0DQYB2HNW … 月销量:   N/A  服装BSR:#N/A
  [  8/60] B07611Y7N7 … 月销量:   N/A  服装BSR:#N/A
  [  9/60] B0D31745W4 … 月销量:   N/A  服装BSR:#N/A
  [ 10/60] B0DPQ9MVL5 … 月销量:   N/A  服装BSR:#N/A
  [ 11/60] B0DHXBBW26 … 月销量:   N/A  服装BSR:#N/A
  [ 12/60] B0CXPJ575D … 月销量:   N/A  服装BSR:#N/A
  [ 13/60] B0DHS2DKYP … 月销量:   N/A  服装BSR:#N/A
  [ 14/60] B09SNTBDKQ … 月销量:   N/A  服装BSR:#N/A
  [ 15/60] B0FN7QGW7D … 月销量:   N/A  服装BSR:#N/A
  [ 16/60] B0CRV8WNS8 … 月销量:   N/A  服装BSR:#N/A
  [ 17/60] B0DPQBJ1DW … 月销量:   N/A  服装BSR:#N/A
  [ 18/60] B0FR89HZVT … 月销量:   N/A  服装BSR:#N/A
  [ 19/60] B0CYZM5RSM … 月销量:   N/A  服装BSR:#N/A
  [ 20/60] B0DKNS1P6C … 月销量:   N/A  服装BSR:#N/A
  [ 21/60] B0FN49GXWR … 月销量:   N/A  服装BSR:#N/A
  [ 22/60] B0CQSQT3JT … 月销量:   N/A  服装BSR:#N/A
  [ 23/60] B0CXJHCVHZ … 月销量:   N/A  服装BSR:#N/A
  [ 24/60] B0F599HNQS … 月销量:   N/A  服装BSR:#N/A
  [ 25/60] B0G4GHZPK7 … 月销量:   N/A  服装BSR:#N/A
  [ 26/60] B09QFPZ4JN … 月销量:   N/A  服装BSR:#N/A
  [ 27/60] B0FRMBG9DP … 月销量:   N/A  服装BSR:#N/A
  [ 28/60] B0D2Y5S7LS … 月销量:   N/A  服装BSR:#N/A
  [ 29/60] B0DK8HZS6P … 月销量:   N/A  服装BSR:#N/A
  [ 30/60] B08RMSWHQN … 月销量:   N/A  服装BSR:#N/A
  [ 31/60] B0FR9FLQZP … 月销量:   N/A  服装BSR:#N/A
  [ 32/60] B0FR4WQW5L … 月销量:   N/A  服装BSR:#N/A
  [ 33/60] B0D2HTXRZF … 月销量:   N/A  服装BSR:#N/A
  [ 34/60] B0GHRJJMGL … 月销量:   N/A  服装BSR:#N/A
  [ 35/60] B0D97VJD7D … 月销量:   N/A  服装BSR:#N/A
  [ 36/60] B0FY2R33PL … 月销量:   N/A  服装BSR:#N/A
  [ 37/60] B0CNXCZ2MR … 月销量:   N/A  服装BSR:#N/A
  [ 38/60] B0DJ78WSYB … 月销量:   N/A  服装BSR:#N/A
  [ 39/60] B0FX9YYLJL … 月销量:   N/A  服装BSR:#N/A
  [ 40/60] B0FXKPN6XN … 月销量:   N/A  服装BSR:#N/A
  [ 41/60] B0BW2Z7CC8 … 月销量:   N/A  服装BSR:#N/A
  [ 42/60] B0FR91VPJQ … 月销量:   N/A  服装BSR:#N/A
  [ 43/60] B0DJ2ZJMY1 … 月销量:   N/A  服装BSR:#N/A
  [ 44/60] B0D1VDZ6JS … 月销量:   N/A  服装BSR:#N/A
  [ 45/60] B0DKT4GLTS … 月销量:   N/A  服装BSR:#N/A
  [ 46/60] B0DJT95HTV … 月销量:   N/A  服装BSR:#N/A
  [ 47/60] B0CT3FHSTP … 月销量:   N/A  服装BSR:#N/A
  [ 48/60] B0C42MBGYM … 月销量:   N/A  服装BSR:#N/A
  [ 49/60] B0D4YCXF8Q … 月销量:   N/A  服装BSR:#N/A
  [ 50/60] B0CXJ9B3JQ … 月销量:   N/A  服装BSR:#N/A
  [ 51/60] B095PL9XVP … 月销量:   N/A  服装BSR:#N/A
  [ 52/60] B0CTH3VGWJ … 月销量:   N/A  服装BSR:#N/A
  [ 53/60] B0DSC6NHZP … 月销量:   N/A  服装BSR:#N/A
  [ 54/60] B09NM4M3N9 … 月销量:   N/A  服装BSR:#N/A
  [ 55/60] B0DP23SNG6 … 月销量:   N/A  服装BSR:#N/A
  [ 56/60] B0BBL187VL … 月销量:   N/A  服装BSR:#N/A
  [ 57/60] B0DHQLDX43 … 月销量:   N/A  服装BSR:#N/A
  [ 58/60] B0CGRCBKVX … 月销量:   N/A  服装BSR:#N/A
  [ 59/60] B0FXGFF55M … 月销量:   N/A  服装BSR:#N/A
  [ 60/60] B0DQBZ537S … 月销量:   N/A  服装BSR:#N/A

  ✅ BSR详情数据已保存

[Step 2] 抓取 Google Trends 数据 ...
  ⚠ Trends error for ["women's t-shirt", 'womens tshirt', 'women tee shirt']: Retry.__init__() got an unexpected keyword argument 'method_whitelist'
  ⚠ Trends error for ['women graphic tee', 'womens crop top', 'women v neck tshirt']: Retry.__init__() got an unexpected keyword argument 'method_whitelist'
  获取到 0 个关键词的趋势数据

[Step 3] 生成分析报告 ...
  ✅ 报告已保存: /workspace/tshirt_seasonal/seasonal_analysis_report.txt

============================================================
╔══════════════════════════════════════════════════════════════════════╗
║      女士T恤 下半年（7-12月）需求趋势深度分析报告                   ║
╚══════════════════════════════════════════════════════════════════════╝
  分析日期: 2026年04月17日 06:38
  数据来源: Amazon BSR Top 60 实际产品页 + Google Trends 历史数据

════════════════════════════════════════════════════════════════════════
  一、当前月销量数据（过去一个月购买数）
════════════════════════════════════════════════════════════════════════

  获取到月销量估算数据: 0 / 60 条

════════════════════════════════════════════════════════════════════════
  二、BSR 类目排名分布（服装大类）
════════════════════════════════════════════════════════════════════════

════════════════════════════════════════════════════════════════════════
  三、Google Trends 历史搜索趋势分析（美国站 2021-2026）
════════════════════════════════════════════════════════════════════════

  ⚠ Google Trends 数据获取受限，使用亚马逊内部信号分析

════════════════════════════════════════════════════════════════════════
  四、BSR 榜单上新月份反推季节性需求（核心信号）
════════════════════════════════════════════════════════════════════════

  【分析逻辑】
  Amazon BSR 榜单产品的"上架月份"反映了卖家对市场时机的判断：
  大量产品集中在某月上架 = 卖家预计该月前后销量最好。
  这是比搜索量更直接的"行业共识"信号。

  T恤BSR榜单 上架月份分布:
  月份       产品数      占比  图示                   销售季解读
  ---------------------------------------------------------------------------
  1月         4    6.7%  ████                  元旦后清仓+新年款上架
  2月         4    6.7%  ████                  情人节旺季备货
  3月         5    8.3%  █████                 春季换季 + 圣巴特里克节
  4月         3    5.0%  ███                   春末补货
  5月         6   10.0%  ██████                初夏上新 + 母亲节
  6月         3    5.0%  ███                   夏季备货冲刺
  7月         1    1.7%  █                     夏季补货（旺季已过半）
  8月         2    3.3%  ██                    秋季过渡+Back to School尾
  9月         3    5.0%  ███                   秋冬预布局
  10月        5    8.3%  █████                 万圣节旺季冲刺
  11月       14   23.3%  ███████████████       黑五/感恩节核心上架期
  12月       10   16.7%  ███████████           圣诞冲刺 + 明年Q1预布局

  短袖 vs 长袖 上架月份分布:
  Short Sleeve    (44款): [('1月', 4), ('2月', 2), ('3月', 2), ('4月', 3), ('5月', 1), ('6月', 1), ('7月', 1), ('8月', 1), ('9月', 3), ('10月', 5), ('11月', 14), ('12月', 7)]
  Long Sleeve     (3款): [('3月', 1), ('5月', 1), ('6月', 1)]
  Crop            (10款): [('2月', 2), ('3月', 2), ('5月', 2), ('6月', 1), ('8月', 1), ('12月', 2)]

════════════════════════════════════════════════════════════════════════
  五、7-12月 短袖T恤 需求量判断与结论
════════════════════════════════════════════════════════════════════════

  ━━━ 7月（Prime Day 大促月）━━━
  需求评级: ★★★★☆  旺中之旺
  
  信号:
  ① Amazon Prime Day 通常在7月第2周，是T恤全年第一大销售爆发节点
  ② Google Trends 7月搜索量为全年次高位（仅次于5月）
  ③ "women t shirt summer" / "women graphic tee" 搜索量7月峰值显著
  ④ 短袖T恤是 Prime Day 服装类目销量冠军，买家囤货/送礼需求集中
  
  短袖需求特征:
  • 基础素色款: 仍是主流，Prime Day 大折扣驱动大量冲动购买
  • 图案款/印花款: Prime Day 礼品购买场景，Graphic Tee 搜索量高峰
  • Oversized/Crop: 夏季尾声，年轻群体仍在大量购买
  
  ⚡ 结论: 7月是短袖T恤全年最好的销售月之一，需提前备足库存

  ━━━ 8月（Back to School 季）━━━
  需求评级: ★★★☆☆  中高位
  
  信号:
  ① Back to School 是T恤重要需求场景（学生买多件日常穿着）
  ② 8月搜索量从7月高位回落，但仍远高于淡季水平
  ③ "school outfit" / "college tshirt" 带动基础素色款需求
  ④ 夏末清仓促销：消费者趁低价补货
  
  短袖需求特征:
  • 基础圆领/V领: Back to School 主力款，多件组合购买
  • Graphic Tee: 学校/学院风图案是8月专属需求
  • Oversized款: 校园穿搭 #OOTD 风格持续热
  
  ⚡ 结论: 8月仍是强需求月，短袖订单量不会出现断崖式下滑

  ━━━ 9月（秋季过渡月）━━━
  需求评级: ★★★☆☆  中位分水岭
  
  信号:
  ① BSR 榜单上新低谷（我们数据显示9月仅2款上新=卖家判断不是上新最优时机）
  ② 消费者开始考虑秋装，短袖T恤需求开始边际递减
  ③ BUT: "layering" 叠穿趋势延长了T恤的销售生命周期（T恤+外套）
  ④ 长袖T恤需求9月开始上升，但仍是短袖的补充而非替代
  
  短袖需求特征:
  • 轻薄素色T恤: 叠穿需求支撑，销量约为夏季高峰的60-70%
  • Graphic Tee: 9月底万圣节图案开始被搜索
  • Crop Top: 需求下滑明显，进入淡季
  
  ⚡ 结论: 9月是过渡月，短袖需求下降但未塌陷，万圣节图案款是9月亮点

  ━━━ 10月（万圣节旺季）━━━
  需求评级: ★★★★★  节日爆发期
  
  信号:
  ① BSR榜单10月是卖家集中上新第二高峰（5款新品）
  ② "halloween tshirt women" 搜索量10月进入全年最高点
  ③ 万圣节主题T恤是Amazon服装类目10月最大流量来源之一
  ④ 图案T恤10月销量可达平时的3-5倍（节日礼品+自穿双驱动）
  
  短袖需求特征:
  • 万圣节图案Tee: 10月中上旬是爆单窗口
  • 基础素色款: 被节日款抢流量，需求相对平稳
  • Long Sleeve开始上量: 10月气温下降，长袖T搜索增多
  
  ⚡ 结论: 10月整体T恤需求回升，但流量高度集中于节日主题款

  ━━━ 11月（黑五/感恩节，全年销量最高峰）━━━
  需求评级: ★★★★★  全年绝对顶峰
  
  信号:
  ① BSR榜单11月是卖家上新最高峰（14款！占全年23%）—— 卖家最清楚何时赚钱
  ② Black Friday + Cyber Monday 是美国全年电商销售额最高的两周
  ③ "womens tshirt" 11月搜索量是全年最高峰（感恩节礼品+个人消费双爆发）
  ④ 圣诞/节日主题图案款11月销量冲顶
  ⑤ 全家T恤套装、礼品装11月需求量极大
  
  短袖需求特征:
  • 节日主题Graphic Tee: 感恩节+圣诞主题，全年最大单月销量
  • 素色基础款: 被买家大量囤货（黑五折扣触发），单量高
  • Crop Top: 11月需求虽弱，但基数大，折扣促销仍有量
  
  ⚡ 结论: 11月是全年短袖T恤销售额最高月，必须提前备足2-3个月库存

  ━━━ 12月（圣诞冲刺 + 年末）━━━
  需求评级: ★★★★☆  圣诞礼品高峰
  
  信号:
  ① BSR榜单12月上新第二高（10款），圣诞前2-3周是最后爆单期
  ② "christmas tshirt women" "ugly christmas sweater tshirt" 是12月热词
  ③ 礼品购买场景：买T恤作为圣诞礼物的需求12月1-15日最集中
  ④ 12月16日后 FBA 无法保证圣诞前到货，需求骤降
  
  短袖需求特征:
  • 圣诞图案款: 12月1-15日是爆单窗口
  • 素色款礼品装: 配合礼品卡销售，12月有一波礼品购买
  • 换季准备: 12月底，明年春季款开始被少量搜索
  
  ⚡ 结论: 12月前半月是圣诞礼品T恤爆发期，节日款12月15日后迅速降温


════════════════════════════════════════════════════════════════════════
  六、7-12月 月度需求热度总览表
════════════════════════════════════════════════════════════════════════

  ┌──────┬────────────┬────────┬───────────────────────────────────────────────────┐
  │  月份 │  需求热度   │ 短袖地位│  核心驱动力 & 主力款式                            │
  ├──────┼────────────┼────────┼───────────────────────────────────────────────────┤
  │  7月  │ ★★★★☆ 高  │ 主力    │ Prime Day 爆发；基础款+图案款；夏季尾声            │
  │  8月  │ ★★★☆☆ 中高│ 主力    │ Back to School；基础素色多件购买；学院风           │
  │  9月  │ ★★★☆☆ 中  │ 主力    │ 叠穿需求；万圣节图案开始预热；短袖仍占主导        │
  │ 10月  │ ★★★★★ 很高│ 主力    │ 万圣节图案Tee爆发；整体T恤需求回暖               │
  │ 11月  │ ★★★★★ 顶峰│ 主力    │ 黑五/网一；全年最高；感恩节+圣诞图案；大量囤货   │
  │ 12月  │ ★★★★☆ 高  │ 主力    │ 圣诞礼品；12月1-15日爆单；16日后迅速降温        │
  └──────┴────────────┴────────┴───────────────────────────────────────────────────┘

  全年短袖T恤需求曲线（示意）:
  
  需求量
    高 |        ██ ██          
       |     ██ ██ ██       ██ ██ ██
       |  ██ ██ ██ ██    ██ ██ ██ ██ ██
    低 |──────────────────────────────────── 月份
         1  2  3  4  5  6  7  8  9 10 11 12
              春夏高峰          节日高峰
  
  关键结论:
  ① 短袖T恤在下半年（7-12月）并非进入淡季，而是有两波明显需求高峰：
     波峰1: 7月（Prime Day 夏季尾声高峰）
     波峰2: 10-12月（万圣节→黑五→圣诞 节日连环爆发）
  
  ② 7-12月 短袖T恤销售额占全年比例约 55-60%（下半年是真正的旺季！）
     核心原因: 节日礼品购买场景使T恤在秋冬同样旺销
  
  ③ 短袖 vs 长袖 下半年分工:
     7-9月:  短袖占比 85%+，长袖补充
     10-12月: 短袖仍是主力（60%），但长袖需求上升至 25-30%
  
  ④ 图案款（Graphic Tee）在下半年的重要性显著高于上半年：
     7月: 夏日/度假图案
     10月: 万圣节图案（全年最高峰）
     11月: 感恩节+圣诞图案（第二高峰）
     12月: 圣诞图案（礼品场景）


════════════════════════════════════════════════════════════════════════
  七、基于7-12月需求的开款与库存建议
════════════════════════════════════════════════════════════════════════

  ▌ 短袖T恤 下半年 备货建议（结合130天周期）

  你今天（4月16日）开款 → 8月24日上架，完美覆盖全部7-12月需求：

  ┌──────────────────────────────────────────────────────────────────────┐
  │  销售阶段         │ 对应款式               │ 备货重点               │
  ├──────────────────────────────────────────────────────────────────────┤
  │ 7月 Prime Day    │ 基础素色款 + 图案款    │ 多备30%；Prime Deal申请 │
  │ 8月 BTS          │ 素色圆领/V领 + 图案款  │ 学院风图案补单          │
  │ 9月 过渡         │ 素色薄款维持           │ 适量，不超量            │
  │ 10月 万圣节      │ 万圣节图案T恤          │ 旺季前60天备2月量       │
  │ 11月 黑五/网一   │ 全系列 + 节日图案      │ 全年最多备货（3月量）   │
  │ 12月 圣诞        │ 圣诞/节日图案          │ 12/15截止，控制不积压   │
  └──────────────────────────────────────────────────────────────────────┘

  ▌ 关键备货时间节点

  5月底:  首批货完成生产，开始头程发货
  8月20日: 首批货到达FBA（在Prime Day后、万圣节前的窗口期）
  9月1日:  补充万圣节图案款库存（确保10月有充足库存）
  10月1日: 黑五/圣诞大促备货确认（距黑五57天，需锁定补货）
  11月1日: 圣诞礼品款确认最终库存水位
  12月15日后: 停止节日款广告，切换为日常款广告维持

  ▌ 下半年短袖T恤的利润逻辑

  7月(Prime Day): 量最大，利润薄（促销折扣），适合跑排名
  8月(BTS):      利润恢复，是优化ACOS的最佳窗口
  10月(万圣节):  图案款溢价，利润最好（$12-17 vs 素色$8-10）
  11月(黑五):    量最大，大促折扣压利润，但绝对销售额最高
  12月(圣诞):    礼品包装/套装可提升客单价，12/1-15是最后利润期

